// Jest Snapshot v1, https://goo.gl/fbAQLP

exports[`Tests for all screen should render Filter without crashing 1`] = `
<div>
  <div>
    <span>
      0
    </span>
    <input
      id="typeinp"
      max="50000"
      min="0"
      onChange={[Function]}
      step="500"
      type="range"
      value={0}
    />
    <span>
      50000
    </span>
  </div>
  <div>
    <span>
      0
    </span>
    <input
      id="typeinp"
      max="50000"
      min={0}
      onChange={[Function]}
      step="500"
      type="range"
      value={5000}
    />
    <span>
      50000
    </span>
  </div>
  <div>
    min: ₹0 
     max: ₹5000
  </div>
  <div
    className="btn-box"
  >
    <button
      className="button btn-submit"
      onClick={[Function]}
      type="filter"
    >
      FILTER
    </button>
  </div>
</div>
`;

exports[`Tests for all screen should render FormInput without crashing 1`] = `
<div
  className="wrapper"
>
  <form>
    <div
      className="group"
    >
      <input
        id="input"
        name="from"
        onChange={[Function]}
        required="required"
        type="text"
        value=""
      />
      <span
        className="bar"
      />
      <label
        id="fromLabel"
      >
        From
      </label>
      <div
        className="error"
        id="fromError"
      />
    </div>
    <div
      className="group"
    >
      <input
        id="input"
        name="to"
        onChange={[Function]}
        required="required"
        type="text"
        value=""
      />
      <span
        className="bar"
      />
      <label
        id="toLabel"
      >
        To
      </label>
      <div
        className="error"
        id="toError"
      />
    </div>
    <div
      className="group"
    >
      <div>
        <div
          className="react-datepicker__input-container"
        >
          <input
            autoComplete={undefined}
            autoFocus={undefined}
            className=""
            disabled={false}
            id={undefined}
            name="departureDate"
            onBlur={[Function]}
            onChange={[Function]}
            onClick={[Function]}
            onFocus={[Function]}
            onKeyDown={[Function]}
            placeholder={undefined}
            readOnly={false}
            required={undefined}
            tabIndex={undefined}
            title={undefined}
            type="text"
            value="09/30/2018"
          />
        </div>
      </div>
    </div>
    <div
      className="btn-box"
    >
      <button
        className="button btn-submit"
        onClick={[Function]}
        type="submit"
      >
        SEARCH
      </button>
    </div>
  </form>
</div>
`;
